
0:00:00.182801524 [31m30186[00m 0x7791ec000b90 [37mDEBUG  [00m [00m            basesink gstbasesink.c:1738:gst_base_sink_commit_state:<sink1-actual-sink-xvimage>[00m posting async-done message
0:00:00.182797502 [31m30186[00m 0x5b625541be90 [33;01mLOG    [00m [00;43m             GST_BUS gstbus.c:537:gst_bus_timed_pop_filtered:<bus1>[00m have 1 messages
0:00:00.182807167 [31m30186[00m 0x7791ec000b90 [33;01mLOG    [00m [00;01;37;41m         GST_MESSAGE gstmessage.c:304:gst_message_new_custom:[00m source sink1-actual-sink-xvimage: creating new message 0x7791e4004240 async-done
0:00:00.182811331 [31m30186[00m 0x5b625541be90 [33;01mLOG    [00m [00m            GST_POLL gstpoll.c:314:release_wakeup:[00m 0x5b62556b6970: release
0:00:00.182819203 [31m30186[00m 0x7791ec000b90 [37mDEBUG  [00m [00;43m             GST_BUS gstbus.c:338:gst_bus_post:<bus2>[00m [msg 0x7791e4004240] posting on bus async-done message: 0x7791e4004240, time 99:99:99.999999999, seq-num 57, element 'sink1-actual-sink-xvimage', GstMessageAsyncDone, running-time=(guint64)18446744073709551615;
0:00:00.182825398 [31m30186[00m 0x7791ec000b90 [37mDEBUG  [00m [00;01m                 bin gstbin.c:3686:gst_bin_handle_message_func:<sink1>[00m [msg 0x7791e4004240] handling child sink1-actual-sink-xvimage message of type async-done
0:00:00.182825661 [31m30186[00m 0x5b625541be90 [37mDEBUG  [00m [00;43m             GST_BUS gstbus.c:560:gst_bus_timed_pop_filtered:<bus1>[00m got message 0x7791e4002dd0, state-changed from sink1-actual-sink-xvimage, type mask is 3
0:00:00.182830429 [31m30186[00m 0x7791ec000b90 [37mDEBUG  [00m [00;01m                 bin gstbin.c:3897:gst_bin_handle_message_func:<sink1>[00m ASYNC_DONE message 0x7791e4004240, sink1-actual-sink-xvimage
0:00:00.182834618 [31m30186[00m 0x5b625541be90 [37mDEBUG  [00m [00;43m             GST_BUS gstbus.c:573:gst_bus_timed_pop_filtered:<bus1>[00m discarding message, does not match mask
0:00:00.182840751 [31m30186[00m 0x7791ec000b90 [33;01mLOG    [00m [00;01m                 bin gstbin.c:860:message_check:[00m looking at message 0x5b6255703980: 1
0:00:00.182845309 [31m30186[00m 0x5b625541be90 [33;01mLOG    [00m [00;01;37;41m         GST_MESSAGE gstmessage.c:209:_gst_message_free:[00m finalize message 0x7791e4002dd0, state-changed from sink1-actual-sink-xvimage
0:00:00.182853860 [31m30186[00m 0x5b625541be90 [37mDEBUG  [00m [00m            GST_POLL gstpoll.c:1414:gst_poll_wait:[00m 0x5b62556b6970: timeout :99:99:99.999999999
0:00:00.182855311 [31m30186[00m 0x7791ec000b90 [37mDEBUG  [00m [00;01m                 bin gstbin.c:878:find_message:<sink1>[00m we found a message 0x5b6255703980 from sink1-actual-sink-xvimage matching types 00100000
0:00:00.182861313 [31m30186[00m 0x7791ec000b90 [37mDEBUG  [00m [00;01m                 bin gstbin.c:919:bin_replace_message:<sink1>[00m replace old message async-start from sink1-actual-sink-xvimage with async-done message
0:00:00.182872738 [31m30186[00m 0x7791ec000b90 [33;01mLOG    [00m [00;01;37;41m         GST_MESSAGE gstmessage.c:209:_gst_message_free:[00m finalize message 0x5b6255703980, async-start from sink1-actual-sink-xvimage
0:00:00.182873229 [31m30186[00m 0x7791ec000f90 [37mDEBUG  [00m [00m        videotestsrc gstvideotestsrc.c:1179:gst_video_test_src_fill:<source>[00m Timestamp: 0:00:00.100000000 = accumulated 0:00:00.000000000 + offset: 0:00:00.000000000 + running time: 0:00:00.100000000
0:00:00.182878401 [31m30186[00m 0x7791ec000b90 [33;01mLOG    [00m [00;01m                 bin gstbin.c:860:message_check:[00m looking at message 0x7791e4004240: 0
0:00:00.182883414 [31m30186[00m 0x7791ec000f90 [37mDEBUG  [00m [00m             basesrc gstbasesrc.c:2429:gst_base_src_do_sync:<source>[00m we have no clock
0:00:00.182888337 [31m30186[00m 0x7791ec000b90 [37mDEBUG  [00m [00;01m                 bin gstbin.c:882:find_message:<sink1>[00m no message found matching types 00100000
0:00:00.182892397 [31m30186[00m 0x7791ec000f90 [37mDEBUG  [00m [00m             basesrc gstbasesrc.c:2672:gst_base_src_get_range:<source>[00m buffer ok
0:00:00.182897048 [31m30186[00m 0x7791ec000b90 [37mDEBUG  [00m [00;01m                 bin gstbin.c:889:find_message:<sink1>[00m   async-start
0:00:00.182903704 [31m30186[00m 0x7791ec000f90 [37mDEBUG  [00m [00;01;35m      GST_SCHEDULING gstpad.c:4492:gst_pad_chain_data_unchecked:<tee:sink>[00m calling chainfunction &gst_tee_chain with buffer buffer: 0x5b6255706910, pts 0:00:00.100000000, dts 99:99:99.999999999, dur 0:00:00.033333333, size 153600, offset 3, offset_end 4, flags 0x0
0:00:00.182905138 [31m30186[00m 0x7791ec000b90 [33;01mLOG    [00m [00;01m                 bin gstbin.c:860:message_check:[00m looking at message 0x7791e4004240: 1
0:00:00.182908927 [31m30186[00m 0x7791ec000f90 [37mDEBUG  [00m [00m                 tee gsttee.c:1024:gst_tee_chain:<tee>[00m received buffer 0x5b6255706910
0:00:00.182914134 [31m30186[00m 0x7791ec000b90 [37mDEBUG  [00m [00;01m                 bin gstbin.c:956:bin_remove_messages:<sink1-actual-sink-xvimage>[00m deleting message 0x7791e4004240 of type async-done (types 0x00200000)
0:00:00.182918544 [31m30186[00m 0x7791ec000f90 [33;01mLOG    [00m [00m                 tee gsttee.c:938:gst_tee_handle_data:<tee:src_0>[00m Starting to push buffer 0x5b6255706910
0:00:00.182922815 [31m30186[00m 0x7791ec000b90 [33;01mLOG    [00m [00;01;37;41m         GST_MESSAGE gstmessage.c:209:_gst_message_free:[00m finalize message 0x7791e4004240, async-done from sink1-actual-sink-xvimage
0:00:00.182929112 [31m30186[00m 0x7791ec000f90 [37mDEBUG  [00m [00;01;35m      GST_SCHEDULING gstpad.c:4492:gst_pad_chain_data_unchecked:<queue1:sink>[00m calling chainfunction &gst_queue_chain with buffer buffer: 0x5b6255706910, pts 0:00:00.100000000, dts 99:99:99.999999999, dur 0:00:00.033333333, size 153600, offset 3, offset_end 4, flags 0x0
0:00:00.182931013 [31m30186[00m 0x7791ec000b90 [37mDEBUG  [00m [00;01m                 bin gstbin.c:3917:gst_bin_handle_message_func:<sink1>[00m async elements committed
0:00:00.182936288 [31m30186[00m 0x7791ec000f90 [33;01mLOG    [00m [00m      queue_dataflow gstqueue.c:1204:gst_queue_chain_buffer_or_list:<queue1>[00m received buffer 0x5b6255706910 of size 153600, time 0:00:00.100000000, duration 0:00:00.033333333
0:00:00.182942110 [31m30186[00m 0x7791ec000f90 [33;01mLOG    [00m [00m               queue gstqueue.c:637:apply_buffer:<queue1>[00m sink position updated to 0:00:00.133333333
0:00:00.182944305 [31m30186[00m 0x7791ec000b90 [33;01mLOG    [00m [00;01;37;41m         GST_MESSAGE gstmessage.c:304:gst_message_new_custom:[00m source sink1: creating new message 0x7791e4004240 async-done
0:00:00.182945756 [31m30186[00m 0x7791ec000f90 [33;01mLOG    [00m [00m               queue gstqueue.c:534:update_time_level:<queue1>[00m update sink time
0:00:00.182950259 [31m30186[00m 0x7791ec000b90 [36mINFO   [00m [00;01;31m          GST_STATES gstbin.c:3397:bin_handle_async_done:<sink1>[00m committing state from READY to PAUSED, old pending PAUSED
0:00:00.182958858 [31m30186[00m 0x7791ec000f90 [33;01mLOG    [00m [00m               queue gstqueue.c:551:update_time_level:<queue1>[00m sink +0:00:00.133333333, src +0:00:00.033333333
0:00:00.182964306 [31m30186[00m 0x7791ec000f90 [37mDEBUG  [00m [00;01;35m      GST_SCHEDULING gstpad.c:4498:gst_pad_chain_data_unchecked:<queue1:sink>[00m called chainfunction &gst_queue_chain with buffer 0x5b6255706910, returned ok
0:00:00.182965384 [31m30186[00m 0x7791ec000b90 [36mINFO   [00m [00;01;31m          GST_STATES gstbin.c:3420:bin_handle_async_done:<sink1>[00m completed state change, pending VOID
0:00:00.182969732 [31m30186[00m 0x7791ec000f90 [33;01mLOG    [00m [00m                 tee gsttee.c:943:gst_tee_handle_data:<tee:src_0>[00m Pushing item 0x5b6255706910 yielded result ok
0:00:00.182974426 [31m30186[00m 0x7791ec000b90 [36mINFO   [00m [00;01;31m          GST_STATES gstelement.c:2706:_priv_gst_element_state_changed:<sink1>[00m notifying about state-changed READY to PAUSED (VOID_PENDING pending)
0:00:00.182980477 [31m30186[00m 0x7791ec000b90 [33;01mLOG    [00m [00;01;37;41m         GST_MESSAGE gstmessage.c:304:gst_message_new_custom:[00m source sink1: creating new message 0x5b6255703980 state-changed
0:00:00.182982384 [31m30186[00m 0x7791ec000f90 [33;01mLOG    [00m [00m                 tee gsttee.c:978:gst_tee_handle_data:<tee>[00m Replacing ret val -1 with 0
0:00:00.182987834 [31m30186[00m 0x7791ec000f90 [33;01mLOG    [00m [00m                 tee gsttee.c:938:gst_tee_handle_data:<tee:src_1>[00m Starting to push buffer 0x5b6255706910
0:00:00.182993776 [31m30186[00m 0x7791ec000f90 [37mDEBUG  [00m [00;01;35m      GST_SCHEDULING gstpad.c:4492:gst_pad_chain_data_unchecked:<queue2:sink>[00m calling chainfunction &gst_queue_chain with buffer buffer: 0x5b6255706910, pts 0:00:00.100000000, dts 99:99:99.999999999, dur 0:00:00.033333333, size 153600, offset 3, offset_end 4, flags 0x0
0:00:00.182994017 [31m30186[00m 0x7791ec000b90 [37mDEBUG  [00m [00;43m             GST_BUS gstbus.c:338:gst_bus_post:<bus0>[00m [msg 0x5b6255703980] posting on bus state-changed message: 0x5b6255703980, time 99:99:99.999999999, seq-num 59, element 'sink1', GstMessageStateChanged, old-state=(GstState)ready, new-state=(GstState)paused, pending-state=(GstState)void-pending;
0:00:00.182998556 [31m30186[00m 0x7791ec000f90 [33;01mLOG    [00m [00m      queue_dataflow gstqueue.c:1311:gst_queue_chain_buffer_or_list:<queue2>[00m exit because task paused, reason: not-linked
0:00:00.183004468 [31m30186[00m 0x7791ec000b90 [37mDEBUG  [00m [00;01m                 bin gstbin.c:3686:gst_bin_handle_message_func:<test-pipeline>[00m [msg 0x5b6255703980] handling child sink1 message of type state-changed
0:00:00.183009131 [31m30186[00m 0x7791ec000b90 [37mDEBUG  [00m [00;01m                 bin gstbin.c:4022:gst_bin_handle_message_func:<test-pipeline>[00m posting message upward
0:00:00.183011947 [31m30186[00m 0x7791ec000f90 [37mDEBUG  [00m [00;01;35m      GST_SCHEDULING gstpad.c:4498:gst_pad_chain_data_unchecked:<queue2:sink>[00m called chainfunction &gst_queue_chain with buffer 0x5b6255706910, returned not-linked
0:00:00.183017286 [31m30186[00m 0x7791ec000f90 [33;01mLOG    [00m [00m                 tee gsttee.c:943:gst_tee_handle_data:<tee:src_1>[00m Pushing item 0x5b6255706910 yielded result not-linked
0:00:00.183017107 [31m30186[00m 0x7791ec000b90 [37mDEBUG  [00m [00;43m             GST_BUS gstbus.c:338:gst_bus_post:<bus1>[00m [msg 0x5b6255703980] posting on bus state-changed message: 0x5b6255703980, time 99:99:99.999999999, seq-num 59, element 'sink1', GstMessageStateChanged, old-state=(GstState)ready, new-state=(GstState)paused, pending-state=(GstState)void-pending;
0:00:00.183021968 [31m30186[00m 0x7791ec000f90 [37mDEBUG  [00m [00m                 tee gsttee.c:1028:gst_tee_chain:<tee>[00m handled buffer ok
0:00:00.183026667 [31m30186[00m 0x7791ec000b90 [37mDEBUG  [00m [00;43m             GST_BUS gstbus.c:381:gst_bus_post:<bus1>[00m [msg 0x5b6255703980] pushing on async queue
0:00:00.183033181 [31m30186[00m 0x7791ec000f90 [37mDEBUG  [00m [00;01;35m      GST_SCHEDULING gstpad.c:4498:gst_pad_chain_data_unchecked:<tee:sink>[00m called chainfunction &gst_tee_chain with buffer 0x5b6255706910, returned ok
0:00:00.183040381 [31m30186[00m 0x7791ec000f90 [33;01mLOG    [00m [00m             basesrc gstbasesrc.c:2902:gst_base_src_loop:<source>[00m next_ts 99:99:99.999999999 size 4096
0:00:00.183040880 [31m30186[00m 0x7791ec000b90 [33;01mLOG    [00m [00m            GST_POLL gstpoll.c:290:raise_wakeup:[00m 0x5b62556b6970: raise
0:00:00.183045636 [31m30186[00m 0x7791ec000f90 [37mDEBUG  [00m [00m             basesrc gstbasesrc.c:2579:gst_base_src_get_range:<source>[00m calling create offset 18446744073709551615 length 4096, time 0
0:00:00.183050946 [31m30186[00m 0x7791ec000b90 [37mDEBUG  [00m [00;43m             GST_BUS gstbus.c:384:gst_bus_post:<bus1>[00m [msg 0x5b6255703980] pushed on async queue
0:00:00.183052774 [31m30186[00m 0x5b625541be90 [37mDEBUG  [00m [00;43m             GST_BUS gstbus.c:606:gst_bus_timed_pop_filtered:<bus1>[00m we got woken up, recheck for message
0:00:00.183055395 [31m30186[00m 0x7791ec000b90 [37mDEBUG  [00m [00;43m             GST_BUS gstbus.c:377:gst_bus_post:<bus0>[00m [msg 0x5b6255703980] dropped
0:00:00.183053469 [31m30186[00m 0x7791ec000f90 [33;01mLOG    [00m [00m          bufferpool gstbufferpool.c:1139:default_acquire_buffer:<videobufferpool0>[00m no buffer, trying to allocate
0:00:00.183063145 [31m30186[00m 0x7791ec000f90 [37mDEBUG  [00m [00m           videopool gstvideopool.c:248:video_buffer_pool_alloc:<videobufferpool0>[00m alloc 153600
0:00:00.183064495 [31m30186[00m 0x7791ec000b90 [37mDEBUG  [00m [00;01m                 bin gstbin.c:3456:bin_handle_async_done:<sink1>[00m posting ASYNC_DONE to parent
0:00:00.183062946 [31m30186[00m 0x5b625541be90 [33;01mLOG    [00m [00;43m             GST_BUS gstbus.c:537:gst_bus_timed_pop_filtered:<bus1>[00m have 1 messages
0:00:00.183072373 [31m30186[00m 0x5b625541be90 [33;01mLOG    [00m [00m            GST_POLL gstpoll.c:314:release_wakeup:[00m 0x5b62556b6970: release
0:00:00.183078221 [31m30186[00m 0x7791ec000b90 [37mDEBUG  [00m [00;43m             GST_BUS gstbus.c:338:gst_bus_post:<bus0>[00m [msg 0x7791e4004240] posting on bus async-done message: 0x7791e4004240, time 99:99:99.999999999, seq-num 58, element 'sink1', GstMessageAsyncDone, running-time=(guint64)18446744073709551615;
0:00:00.183079823 [31m30186[00m 0x7791ec000f90 [37mDEBUG  [00m [00;01;34m          GST_MEMORY gstmemory.c:139:gst_memory_init:[00m new memory 0x7791fde8a010, maxsize:153607 offset:0 size:153600
0:00:00.183085337 [31m30186[00m 0x7791ec000f90 [33;01mLOG    [00m [00;01;42m          GST_BUFFER gstbuffer.c:854:gst_buffer_new:[00m new 0x7791d80046b0
0:00:00.183080502 [31m30186[00m 0x5b625541be90 [37mDEBUG  [00m [00;43m             GST_BUS gstbus.c:560:gst_bus_timed_pop_filtered:<bus1>[00m got message 0x5b6255703980, state-changed from sink1, type mask is 3
0:00:00.183089523 [31m30186[00m 0x7791ec000b90 [37mDEBUG  [00m [00;01m                 bin gstbin.c:3686:gst_bin_handle_message_func:<test-pipeline>[00m [msg 0x7791e4004240] handling child sink1 message of type async-done
0:00:00.183091898 [31m30186[00m 0x5b625541be90 [37mDEBUG  [00m [00;43m             GST_BUS gstbus.c:573:gst_bus_timed_pop_filtered:<bus1>[00m discarding message, does not match mask
0:00:00.183090022 [31m30186[00m 0x7791ec000f90 [33;01mLOG    [00m [00;01;42m          GST_BUFFER gstbuffer.c:462:_memory_add:[00m buffer 0x7791d80046b0, idx -1, mem 0x7791fde8a010
0:00:00.183100321 [31m30186[00m 0x7791ec000b90 [37mDEBUG  [00m [00;01m                 bin gstbin.c:3897:gst_bin_handle_message_func:<test-pipeline>[00m ASYNC_DONE message 0x7791e4004240, sink1
0:00:00.183101488 [31m30186[00m 0x7791ec000f90 [33;01mLOG    [00m [00;01;42m          GST_BUFFER gstbuffer.c:905:gst_buffer_new_allocate:[00m new buffer 0x7791d80046b0 of size 153600 from allocator (nil)
0:00:00.183102192 [31m30186[00m 0x5b625541be90 [33;01mLOG    [00m [00;01;37;41m         GST_MESSAGE gstmessage.c:209:_gst_message_free:[00m finalize message 0x5b6255703980, state-changed from sink1
0:00:00.183107935 [31m30186[00m 0x7791ec000b90 [33;01mLOG    [00m [00;01m                 bin gstbin.c:860:message_check:[00m looking at message 0x7791e40010f0: 0
0:00:00.183117659 [31m30186[00m 0x5b625541be90 [37mDEBUG  [00m [00m            GST_POLL gstpoll.c:1414:gst_poll_wait:[00m 0x5b62556b6970: timeout :99:99:99.999999999
0:00:00.183112684 [31m30186[00m 0x7791ec000f90 [33;01mLOG    [00m [00m          bufferpool gstbufferpool.c:299:do_alloc_buffer:<videobufferpool0>[00m allocated buffer 4/0, 0x7791d80046b0
0:00:00.183124995 [31m30186[00m 0x7791ec000b90 [33;01mLOG    [00m [00;01m                 bin gstbin.c:860:message_check:[00m looking at message 0x5b6255703d30: 1
0:00:00.183125665 [31m30186[00m 0x7791ec000f90 [33;01mLOG    [00m [00m        videotestsrc gstvideotestsrc.c:1158:gst_video_test_src_fill:<source>[00m creating buffer from pool for frame 4
0:00:00.183130731 [31m30186[00m 0x7791ec000b90 [37mDEBUG  [00m [00;01m                 bin gstbin.c:878:find_message:<test-pipeline>[00m we found a message 0x5b6255703d30 from sink1 matching types 00100000
0:00:00.183135001 [31m30186[00m 0x7791ec000f90 [33;01mLOG    [00m [00;01;42m          GST_BUFFER gstbuffer.c:1837:gst_buffer_map_range:[00m buffer 0x7791d80046b0, idx 0, length -1, flags 0002
0:00:00.183139870 [31m30186[00m 0x7791ec000b90 [37mDEBUG  [00m [00;01m                 bin gstbin.c:919:bin_replace_message:<test-pipeline>[00m replace old message async-start from sink1 with async-done message
0:00:00.183144285 [31m30186[00m 0x7791ec000f90 [33;01mLOG    [00m [00;01;42m          GST_BUFFER gstbuffer.c:305:_get_merged_memory:[00m buffer 0x7791d80046b0, idx 0, length 1
0:00:00.183148658 [31m30186[00m 0x7791ec000b90 [33;01mLOG    [00m [00;01;37;41m         GST_MESSAGE gstmessage.c:209:_gst_message_free:[00m finalize message 0x5b6255703d30, async-start from sink1
0:00:00.183152531 [31m30186[00m 0x7791ec000f90 [33;01mLOG    [00m [00;04m             default gstobject.c:1144:gst_object_sync_values:<source>[00m sync_values
0:00:00.183157157 [31m30186[00m 0x7791ec000b90 [33;01mLOG    [00m [00;01m                 bin gstbin.c:860:message_check:[00m looking at message 0x7791e40010f0: 0
0:00:00.183164890 [31m30186[00m 0x7791ec000b90 [33;01mLOG    [00m [00;01m                 bin gstbin.c:860:message_check:[00m looking at message 0x7791e4004240: 0
0:00:00.183168183 [31m30186[00m 0x7791ec000b90 [33;01mLOG    [00m [00;01m                 bin gstbin.c:860:message_check:[00m looking at message 0x5b62557038f0: 1
0:00:00.183172008 [31m30186[00m 0x7791ec000b90 [37mDEBUG  [00m [00;01m                 bin gstbin.c:878:find_message:<test-pipeline>[00m we found a message 0x5b62557038f0 from sink2 matching types 00100000
0:00:00.183175278 [31m30186[00m 0x7791ec000b90 [37mDEBUG  [00m [00;01m                 bin gstbin.c:3925:gst_bin_handle_message_func:<test-pipeline>[00m there are more async elements pending
0:00:00.183178862 [31m30186[00m 0x7791ec000b90 [37mDEBUG  [00m [00;43m             GST_BUS gstbus.c:377:gst_bus_post:<bus0>[00m [msg 0x7791e4004240] dropped
0:00:00.183182418 [31m30186[00m 0x7791ec000b90 [37mDEBUG  [00m [00;01m                 bin gstbin.c:3466:bin_handle_async_done:<sink1>[00m state change complete
0:00:00.183186272 [31m30186[00m 0x7791ec000b90 [37mDEBUG  [00m [00;43m             GST_BUS gstbus.c:377:gst_bus_post:<bus2>[00m [msg 0x7791e4004240] dropped
0:00:00.183190536 [31m30186[00m 0x7791ec000b90 [33;01mLOG    [00m [00;01;37;41m         GST_MESSAGE gstmessage.c:304:gst_message_new_custom:[00m source sink1-actual-sink-xvimage: creating new message 0x5b6255703d30 latency
0:00:00.183198519 [31m30186[00m 0x7791ec000b90 [37mDEBUG  [00m [00;43m             GST_BUS gstbus.c:338:gst_bus_post:<bus2>[00m [msg 0x5b6255703d30] posting on bus latency message: 0x5b6255703d30, time 99:99:99.999999999, seq-num 60, element 'sink1-actual-sink-xvimage', (NULL)
0:00:00.183203050 [31m30186[00m 0x7791ec000b90 [37mDEBUG  [00m [00;01m                 bin gstbin.c:3686:gst_bin_handle_message_func:<sink1>[00m [msg 0x5b6255703d30] handling child sink1-actual-sink-xvimage message of type latency
0:00:00.183206298 [31m30186[00m 0x7791ec000b90 [37mDEBUG  [00m [00;01m                 bin gstbin.c:4022:gst_bin_handle_message_func:<sink1>[00m posting message upward
0:00:00.183211053 [31m30186[00m 0x7791ec000b90 [37mDEBUG  [00m [00;43m             GST_BUS gstbus.c:338:gst_bus_post:<bus0>[00m [msg 0x5b6255703d30] posting on bus latency message: 0x5b6255703d30, time 99:99:99.999999999, seq-num 60, element 'sink1-actual-sink-xvimage', (NULL)
0:00:00.183215619 [31m30186[00m 0x7791ec000b90 [37mDEBUG  [00m [00;01m                 bin gstbin.c:3686:gst_bin_handle_message_func:<test-pipeline>[00m [msg 0x5b6255703d30] handling child sink1-actual-sink-xvimage message of type latency
0:00:00.183218907 [31m30186[00m 0x7791ec000b90 [37mDEBUG  [00m [00;01m                 bin gstbin.c:4022:gst_bin_handle_message_func:<test-pipeline>[00m posting message upward
0:00:00.183223634 [31m30186[00m 0x7791ec000b90 [37mDEBUG  [00m [00;43m             GST_BUS gstbus.c:338:gst_bus_post:<bus1>[00m [msg 0x5b6255703d30] posting on bus latency message: 0x5b6255703d30, time 99:99:99.999999999, seq-num 60, element 'sink1-actual-sink-xvimage', (NULL)
0:00:00.183227479 [31m30186[00m 0x7791ec000b90 [37mDEBUG  [00m [00;43m             GST_BUS gstbus.c:381:gst_bus_post:<bus1>[00m [msg 0x5b6255703d30] pushing on async queue
0:00:00.183230800 [31m30186[00m 0x7791ec000b90 [33;01mLOG    [00m [00m            GST_POLL gstpoll.c:290:raise_wakeup:[00m 0x5b62556b6970: raise
0:00:00.183235995 [31m30186[00m 0x7791ec000b90 [37mDEBUG  [00m [00;43m             GST_BUS gstbus.c:384:gst_bus_post:<bus1>[00m [msg 0x5b6255703d30] pushed on async queue
0:00:00.183237914 [31m30186[00m 0x5b625541be90 [37mDEBUG  [00m [00;43m             GST_BUS gstbus.c:606:gst_bus_timed_pop_filtered:<bus1>[00m we got woken up, recheck for message
0:00:00.183239935 [31m30186[00m 0x7791ec000b90 [37mDEBUG  [00m [00;43m             GST_BUS gstbus.c:377:gst_bus_post:<bus0>[00m [msg 0x5b6255703d30] dropped
0:00:00.183243357 [31m30186[00m 0x5b625541be90 [33;01mLOG    [00m [00;43m             GST_BUS gstbus.c:537:gst_bus_timed_pop_filtered:<bus1>[00m have 1 messages
0:00:00.183248655 [31m30186[00m 0x7791ec000b90 [37mDEBUG  [00m [00;43m             GST_BUS gstbus.c:377:gst_bus_post:<bus2>[00m [msg 0x5b6255703d30] dropped
0:00:00.183252616 [31m30186[00m 0x5b625541be90 [33;01mLOG    [00m [00m            GST_POLL gstpoll.c:314:release_wakeup:[00m 0x5b62556b6970: release